// Jest Snapshot v1, https://goo.gl/fbAQLP

exports[`BookListComponent has right booklist component snapshop 1`] = `
<div>
  <h1>
    Welcome to My Favorite Book Portal
  </h1>
  <div>
    <div
      data-testid="bookName"
    >
      Physics
    </div>
    <button
      data-testid="addButton"
      onClick={[Function]}
    >
      Add to Product List
    </button>
  </div>
</div>
`;
